// Vitest Snapshot v1, https://vitest.dev/guide/snapshot.html

exports[`GoToTop Component > GoToTop snapshot 1`] = `
{
  "asFragment": [Function],
  "baseElement": <body>
    <div>
      <svg
        class="hidden w-9 h-9 cursor-pointer fixed bottom-[8%] md:bottom-[11%] right-10"
        role="img"
        viewBox="0 0 24 24"
        xmlns="http://www.w3.org/2000/svg"
      >
        <title>
          Artboard-28
        </title>
        <g
          data-name="Circle Up"
          id="Circle_Up-2"
        >
          <circle
            cx="12"
            cy="12"
            r="10"
            style="fill: #ece4b7;"
          />
          <path
            d="M12.707,6.293a1,1,0,0,0-1.414,0l-3,3a1,1,0,0,0,1.414,1.414L11,9.414V17a1,1,0,0,0,2,0V9.414l1.293,1.293a1,1,0,0,0,1.414-1.414Z"
            style="fill: #ff8e31;"
          />
        </g>
      </svg>
    </div>
    <div>
      <svg
        class="hidden w-9 h-9 cursor-pointer fixed bottom-[8%] md:bottom-[11%] right-10"
        role="img"
        viewBox="0 0 24 24"
        xmlns="http://www.w3.org/2000/svg"
      >
        <title>
          Artboard-28
        </title>
        <g
          data-name="Circle Up"
          id="Circle_Up-2"
        >
          <circle
            cx="12"
            cy="12"
            r="10"
            style="fill: #ece4b7;"
          />
          <path
            d="M12.707,6.293a1,1,0,0,0-1.414,0l-3,3a1,1,0,0,0,1.414,1.414L11,9.414V17a1,1,0,0,0,2,0V9.414l1.293,1.293a1,1,0,0,0,1.414-1.414Z"
            style="fill: #ff8e31;"
          />
        </g>
      </svg>
    </div>
  </body>,
  "container": <div>
    <svg
      class="hidden w-9 h-9 cursor-pointer fixed bottom-[8%] md:bottom-[11%] right-10"
      role="img"
      viewBox="0 0 24 24"
      xmlns="http://www.w3.org/2000/svg"
    >
      <title>
        Artboard-28
      </title>
      <g
        data-name="Circle Up"
        id="Circle_Up-2"
      >
        <circle
          cx="12"
          cy="12"
          r="10"
          style="fill: #ece4b7;"
        />
        <path
          d="M12.707,6.293a1,1,0,0,0-1.414,0l-3,3a1,1,0,0,0,1.414,1.414L11,9.414V17a1,1,0,0,0,2,0V9.414l1.293,1.293a1,1,0,0,0,1.414-1.414Z"
          style="fill: #ff8e31;"
        />
      </g>
    </svg>
  </div>,
  "debug": [Function],
  "findAllByAltText": [Function],
  "findAllByDisplayValue": [Function],
  "findAllByLabelText": [Function],
  "findAllByPlaceholderText": [Function],
  "findAllByRole": [Function],
  "findAllByTestId": [Function],
  "findAllByText": [Function],
  "findAllByTitle": [Function],
  "findByAltText": [Function],
  "findByDisplayValue": [Function],
  "findByLabelText": [Function],
  "findByPlaceholderText": [Function],
  "findByRole": [Function],
  "findByTestId": [Function],
  "findByText": [Function],
  "findByTitle": [Function],
  "getAllByAltText": [Function],
  "getAllByDisplayValue": [Function],
  "getAllByLabelText": [Function],
  "getAllByPlaceholderText": [Function],
  "getAllByRole": [Function],
  "getAllByTestId": [Function],
  "getAllByText": [Function],
  "getAllByTitle": [Function],
  "getByAltText": [Function],
  "getByDisplayValue": [Function],
  "getByLabelText": [Function],
  "getByPlaceholderText": [Function],
  "getByRole": [Function],
  "getByTestId": [Function],
  "getByText": [Function],
  "getByTitle": [Function],
  "queryAllByAltText": [Function],
  "queryAllByDisplayValue": [Function],
  "queryAllByLabelText": [Function],
  "queryAllByPlaceholderText": [Function],
  "queryAllByRole": [Function],
  "queryAllByTestId": [Function],
  "queryAllByText": [Function],
  "queryAllByTitle": [Function],
  "queryByAltText": [Function],
  "queryByDisplayValue": [Function],
  "queryByLabelText": [Function],
  "queryByPlaceholderText": [Function],
  "queryByRole": [Function],
  "queryByTestId": [Function],
  "queryByText": [Function],
  "queryByTitle": [Function],
  "rerender": [Function],
  "unmount": [Function],
}
`;
