// Vitest Snapshot v1, https://vitest.dev/guide/snapshot.html

exports[`Skills Component > Skills snapshot 1`] = `
{
  "asFragment": [Function],
  "baseElement": <body>
    <div>
      <div
        class="flex-center flex-wrap gap-10"
      >
        <div
          class="flex-center gap-2 flex-[0_0_20%] md:flex-[0_0_10%]"
        >
          <img
            alt="React"
            class="w-8 h-8"
            src="/assets/react.svg"
          />
          <span>
            React
          </span>
        </div>
        <div
          class="flex-center gap-2 flex-[0_0_20%] md:flex-[0_0_10%]"
        >
          <img
            alt="React"
            class="w-8 h-8"
            src="/assets/react.svg"
          />
          <span>
            React
          </span>
        </div>
        <div
          class="flex-center gap-2 flex-[0_0_20%] md:flex-[0_0_10%]"
        >
          <img
            alt="React"
            class="w-8 h-8"
            src="/assets/react.svg"
          />
          <span>
            React
          </span>
        </div>
        <div
          class="flex-center gap-2 flex-[0_0_20%] md:flex-[0_0_10%]"
        >
          <img
            alt="React"
            class="w-8 h-8"
            src="/assets/react.svg"
          />
          <span>
            React
          </span>
        </div>
        <div
          class="flex-center gap-2 flex-[0_0_20%] md:flex-[0_0_10%]"
        >
          <img
            alt="React"
            class="w-8 h-8"
            src="/assets/react.svg"
          />
          <span>
            React
          </span>
        </div>
        <div
          class="flex-center gap-2 flex-[0_0_20%] md:flex-[0_0_10%]"
        >
          <img
            alt="React"
            class="w-8 h-8"
            src="/assets/react.svg"
          />
          <span>
            React
          </span>
        </div>
        <div
          class="flex-center gap-2 flex-[0_0_20%] md:flex-[0_0_10%]"
        >
          <img
            alt="React"
            class="w-8 h-8"
            src="/assets/react.svg"
          />
          <span>
            React
          </span>
        </div>
        <div
          class="flex-center gap-2 flex-[0_0_20%] md:flex-[0_0_10%]"
        >
          <img
            alt="React"
            class="w-8 h-8"
            src="/assets/react.svg"
          />
          <span>
            React
          </span>
        </div>
        <div
          class="flex-center gap-2 flex-[0_0_20%] md:flex-[0_0_10%]"
        >
          <img
            alt="React"
            class="w-8 h-8"
            src="/assets/react.svg"
          />
          <span>
            React
          </span>
        </div>
      </div>
    </div>
  </body>,
  "container": <div>
    <div
      class="flex-center flex-wrap gap-10"
    >
      <div
        class="flex-center gap-2 flex-[0_0_20%] md:flex-[0_0_10%]"
      >
        <img
          alt="React"
          class="w-8 h-8"
          src="/assets/react.svg"
        />
        <span>
          React
        </span>
      </div>
      <div
        class="flex-center gap-2 flex-[0_0_20%] md:flex-[0_0_10%]"
      >
        <img
          alt="React"
          class="w-8 h-8"
          src="/assets/react.svg"
        />
        <span>
          React
        </span>
      </div>
      <div
        class="flex-center gap-2 flex-[0_0_20%] md:flex-[0_0_10%]"
      >
        <img
          alt="React"
          class="w-8 h-8"
          src="/assets/react.svg"
        />
        <span>
          React
        </span>
      </div>
      <div
        class="flex-center gap-2 flex-[0_0_20%] md:flex-[0_0_10%]"
      >
        <img
          alt="React"
          class="w-8 h-8"
          src="/assets/react.svg"
        />
        <span>
          React
        </span>
      </div>
      <div
        class="flex-center gap-2 flex-[0_0_20%] md:flex-[0_0_10%]"
      >
        <img
          alt="React"
          class="w-8 h-8"
          src="/assets/react.svg"
        />
        <span>
          React
        </span>
      </div>
      <div
        class="flex-center gap-2 flex-[0_0_20%] md:flex-[0_0_10%]"
      >
        <img
          alt="React"
          class="w-8 h-8"
          src="/assets/react.svg"
        />
        <span>
          React
        </span>
      </div>
      <div
        class="flex-center gap-2 flex-[0_0_20%] md:flex-[0_0_10%]"
      >
        <img
          alt="React"
          class="w-8 h-8"
          src="/assets/react.svg"
        />
        <span>
          React
        </span>
      </div>
      <div
        class="flex-center gap-2 flex-[0_0_20%] md:flex-[0_0_10%]"
      >
        <img
          alt="React"
          class="w-8 h-8"
          src="/assets/react.svg"
        />
        <span>
          React
        </span>
      </div>
      <div
        class="flex-center gap-2 flex-[0_0_20%] md:flex-[0_0_10%]"
      >
        <img
          alt="React"
          class="w-8 h-8"
          src="/assets/react.svg"
        />
        <span>
          React
        </span>
      </div>
    </div>
  </div>,
  "debug": [Function],
  "findAllByAltText": [Function],
  "findAllByDisplayValue": [Function],
  "findAllByLabelText": [Function],
  "findAllByPlaceholderText": [Function],
  "findAllByRole": [Function],
  "findAllByTestId": [Function],
  "findAllByText": [Function],
  "findAllByTitle": [Function],
  "findByAltText": [Function],
  "findByDisplayValue": [Function],
  "findByLabelText": [Function],
  "findByPlaceholderText": [Function],
  "findByRole": [Function],
  "findByTestId": [Function],
  "findByText": [Function],
  "findByTitle": [Function],
  "getAllByAltText": [Function],
  "getAllByDisplayValue": [Function],
  "getAllByLabelText": [Function],
  "getAllByPlaceholderText": [Function],
  "getAllByRole": [Function],
  "getAllByTestId": [Function],
  "getAllByText": [Function],
  "getAllByTitle": [Function],
  "getByAltText": [Function],
  "getByDisplayValue": [Function],
  "getByLabelText": [Function],
  "getByPlaceholderText": [Function],
  "getByRole": [Function],
  "getByTestId": [Function],
  "getByText": [Function],
  "getByTitle": [Function],
  "queryAllByAltText": [Function],
  "queryAllByDisplayValue": [Function],
  "queryAllByLabelText": [Function],
  "queryAllByPlaceholderText": [Function],
  "queryAllByRole": [Function],
  "queryAllByTestId": [Function],
  "queryAllByText": [Function],
  "queryAllByTitle": [Function],
  "queryByAltText": [Function],
  "queryByDisplayValue": [Function],
  "queryByLabelText": [Function],
  "queryByPlaceholderText": [Function],
  "queryByRole": [Function],
  "queryByTestId": [Function],
  "queryByText": [Function],
  "queryByTitle": [Function],
  "rerender": [Function],
  "unmount": [Function],
}
`;
